[2026-09-24 20:47:11] [NEXUS] SYSTEM STARTED
[2026-09-24 20:47:11] [NEXUS] CORE INITIALIZED
[2026-09-24 20:47:11] [NEXUS] WEB MODULE WAITING
[2026-09-24 20:47:11] [NEXUS] DISCORD MODULE WAITING
[2026-09-24 20:47:11] [NEXUS] DRONE MODULE WAITING
[2026-09-24 20:47:11] [NEXUS] HARDWARE MODULE WAITING
[2026-09-24 20:47:31] [NEXUS] SYSTEM STOPPED
[2026-09-24 20:48:56] [NEXUS] SYSTEM STARTED
[2026-09-24 20:48:56] [NEXUS] CORE INITIALIZED
[2026-09-24 20:48:56] [NEXUS] WEB MODULE WAITING
[2026-09-24 20:48:56] [NEXUS] DISCORD MODULE WAITING
[2026-09-24 20:48:56] [NEXUS] DRONE MODULE WAITING
[2026-09-24 20:48:56] [NEXUS] HARDWARE MODULE WAITING
[2026-09-24 20:49:07] [NEXUS] SYSTEM STARTED
[2026-09-24 20:49:07] [NEXUS] CORE INITIALIZED
[2026-09-24 20:49:07] [NEXUS] MODULE MANAGER INITIALIZED
[2026-09-24 20:49:07] [NEXUS] MODULE REGISTERED: WEB
[2026-09-24 20:49:07] [NEXUS] MODULE REGISTERED: DISCORD
[2026-09-24 20:49:07] [NEXUS] MODULE REGISTERED: DRONE
[2026-09-24 20:49:07] [NEXUS] MODULE REGISTERED: HARDWARE
[2026-09-24 20:49:11] [NEXUS] MODULE OFFLINE: WEB
[2026-09-24 20:49:11] [NEXUS] MODULE OFFLINE: DISCORD
[2026-09-24 20:49:11] [NEXUS] MODULE OFFLINE: DRONE
[2026-09-24 20:49:11] [NEXUS] MODULE OFFLINE: HARDWARE
[2026-09-24 20:49:11] [NEXUS] SYSTEM STOPPED
[2026-09-24 20:52:10] [NEXUS] SYSTEM STOPPED
[2026-09-24 20:52:11] [NEXUS] SYSTEM STARTED
[2026-09-24 20:52:11] [NEXUS] CORE INITIALIZED
[2026-09-24 20:52:11] [NEXUS] MODULE MANAGER INITIALIZED
[2026-09-24 20:52:11] [NEXUS] MODULE REGISTERED: WEB
[2026-09-24 20:52:11] [NEXUS] MODULE REGISTERED: DISCORD
[2026-09-24 20:52:11] [NEXUS] MODULE REGISTERED: DRONE
[2026-09-24 20:52:11] [NEXUS] MODULE REGISTERED: HARDWARE
[2026-09-24 20:52:37] [NEXUS] MODULE OFFLINE: WEB
[2026-09-24 20:52:37] [NEXUS] MODULE OFFLINE: DISCORD
[2026-09-24 20:52:37] [NEXUS] MODULE OFFLINE: DRONE
[2026-09-24 20:52:37] [NEXUS] MODULE OFFLINE: HARDWARE
[2026-09-24 20:52:37] [NEXUS] SYSTEM STOPPED
[2026-09-24 20:53:45] [NEXUS] SYSTEM STARTED
[2026-09-24 20:53:45] [NEXUS] CORE INITIALIZED
[2026-09-24 20:53:45] [NEXUS] MODULE MANAGER INITIALIZED
[2026-09-24 20:54:07] [NEXUS] SYSTEM STARTED
[2026-09-24 20:54:07] [NEXUS] CORE INITIALIZED
[2026-09-24 20:54:07] [NEXUS] MODULE MANAGER INITIALIZED
[2026-09-24 20:54:07] [NEXUS] MODULE LOADED: WEB
[2026-09-24 20:54:07] [NEXUS] MODULE LOADED: DISCORD
[2026-09-24 20:54:07] [NEXUS] MODULE LOADED: DRONE
[2026-09-24 20:54:07] [NEXUS] MODULE LOADED: HARDWARE
[2026-09-24 20:54:07] [NEXUS] WEB MODULE STARTED
[2026-09-24 20:54:07] [NEXUS] MODULE ONLINE: WEB
[2026-09-24 20:54:07] [NEXUS] DISCORD MODULE STARTED
[2026-09-24 20:54:07] [NEXUS] MODULE ONLINE: DISCORD
[2026-09-24 20:54:07] [NEXUS] DRONE MODULE STARTED
[2026-09-24 20:54:07] [NEXUS] MODULE ONLINE: DRONE
[2026-09-24 20:54:07] [NEXUS] HARDWARE MODULE STARTED
[2026-09-24 20:54:07] [NEXUS] MODULE ONLINE: HARDWARE
[2026-09-24 20:54:30] [NEXUS] SYSTEM STARTED
[2026-09-24 20:54:30] [NEXUS] CORE INITIALIZED
[2026-09-24 20:54:30] [NEXUS] MODULE MANAGER INITIALIZED
[2026-09-24 20:54:30] [NEXUS] MODULE LOADED: WEB
[2026-09-24 20:54:30] [NEXUS] MODULE LOADED: DISCORD
[2026-09-24 20:54:30] [NEXUS] MODULE LOADED: DRONE
[2026-09-24 20:54:30] [NEXUS] MODULE LOADED: HARDWARE
[2026-09-24 20:54:30] [NEXUS] WEB MODULE STARTED
[2026-09-24 20:54:30] [NEXUS] MODULE ONLINE: WEB
[2026-09-24 20:54:30] [NEXUS] DISCORD MODULE STARTED
[2026-09-24 20:54:30] [NEXUS] MODULE ONLINE: DISCORD
[2026-09-24 20:54:30] [NEXUS] DRONE MODULE STARTED
[2026-09-24 20:54:30] [NEXUS] MODULE ONLINE: DRONE
[2026-09-24 20:54:30] [NEXUS] HARDWARE MODULE STARTED
[2026-09-24 20:54:30] [NEXUS] MODULE ONLINE: HARDWARE
[2026-09-24 20:54:47] [NEXUS] WEB MODULE STOPPED
[2026-09-24 20:54:47] [NEXUS] MODULE OFFLINE: WEB
[2026-09-24 20:54:47] [NEXUS] DISCORD MODULE STOPPED
[2026-09-24 20:54:47] [NEXUS] MODULE OFFLINE: DISCORD
[2026-09-24 20:54:47] [NEXUS] DRONE MODULE STOPPED
[2026-09-24 20:54:47] [NEXUS] MODULE OFFLINE: DRONE
[2026-09-24 20:54:47] [NEXUS] HARDWARE MODULE STOPPED
[2026-09-24 20:54:47] [NEXUS] MODULE OFFLINE: HARDWARE
[2026-09-24 20:54:47] [NEXUS] SYSTEM STOPPED
[2026-09-24 20:55:44] [NEXUS] WEB MODULE STOPPED
[2026-09-24 20:55:44] [NEXUS] MODULE OFFLINE: WEB
[2026-09-24 20:55:44] [NEXUS] DISCORD MODULE STOPPED
[2026-09-24 20:55:44] [NEXUS] MODULE OFFLINE: DISCORD
[2026-09-24 20:55:44] [NEXUS] DRONE MODULE STOPPED
[2026-09-24 20:55:44] [NEXUS] MODULE OFFLINE: DRONE
[2026-09-24 20:55:44] [NEXUS] HARDWARE MODULE STOPPED
[2026-09-24 20:55:44] [NEXUS] MODULE OFFLINE: HARDWARE
[2026-09-24 20:55:44] [NEXUS] SYSTEM STOPPED
[2026-09-24 20:55:55] [NEXUS] SYSTEM STARTED
[2026-09-24 20:55:55] [NEXUS] CORE INITIALIZED
[2026-09-24 20:55:55] [NEXUS] MODULE MANAGER INITIALIZED
[2026-09-24 20:55:55] [NEXUS] MODULE LOADED: WEB
[2026-09-24 20:55:55] [NEXUS] MODULE LOADED: DISCORD
[2026-09-24 20:55:55] [NEXUS] MODULE LOADED: DRONE
[2026-09-24 20:55:55] [NEXUS] MODULE LOADED: HARDWARE
[2026-09-24 20:55:55] [NEXUS] WEB SERVER STARTING
[2026-09-24 20:55:55] [NEXUS] WEB SERVER STARTED
[2026-09-24 20:55:55] [NEXUS] WEB DASHBOARD: http://127.0.0.1:5000
[2026-09-24 20:55:55] [NEXUS] MODULE ONLINE: WEB
[2026-09-24 20:55:55] [NEXUS] DISCORD MODULE STARTED
[2026-09-24 20:55:55] [NEXUS] MODULE ONLINE: DISCORD
[2026-09-24 20:55:55] [NEXUS] DRONE MODULE STARTED
[2026-09-24 20:55:55] [NEXUS] MODULE ONLINE: DRONE
[2026-09-24 20:55:55] [NEXUS] HARDWARE MODULE STARTED
[2026-09-24 20:55:55] [NEXUS] MODULE ONLINE: HARDWARE
[2026-09-24 20:57:36] [NEXUS] SYSTEM STARTED
[2026-09-24 20:57:36] [NEXUS] CORE INITIALIZED
[2026-09-24 20:57:36] [NEXUS] MODULE MANAGER INITIALIZED
[2026-09-24 20:57:37] [NEXUS] MODULE LOADED: WEB
[2026-09-24 20:57:37] [NEXUS] MODULE LOADED: DISCORD
[2026-09-24 20:57:37] [NEXUS] MODULE LOADED: DRONE
[2026-09-24 20:57:37] [NEXUS] MODULE LOADED: HARDWARE
[2026-09-24 20:57:37] [NEXUS] WEB SERVER STARTING
[2026-09-24 20:57:37] [NEXUS] WEB SERVER STARTED
[2026-09-24 20:57:37] [NEXUS] WEB DASHBOARD: http://127.0.0.1:5000
[2026-09-24 20:57:37] [NEXUS] MODULE ONLINE: WEB
[2026-09-24 20:57:37] [NEXUS] DISCORD MODULE STARTED
[2026-09-24 20:57:37] [NEXUS] MODULE ONLINE: DISCORD
[2026-09-24 20:57:37] [NEXUS] DRONE MODULE STARTED
[2026-09-24 20:57:37] [NEXUS] MODULE ONLINE: DRONE
[2026-09-24 20:57:37] [NEXUS] HARDWARE MODULE STARTED
[2026-09-24 20:57:37] [NEXUS] MODULE ONLINE: HARDWARE
[2026-09-24 20:58:11] [NEXUS] WEB MODULE STOPPED
[2026-09-24 20:58:11] [NEXUS] MODULE OFFLINE: WEB
[2026-09-24 20:58:11] [NEXUS] DISCORD MODULE STOPPED
[2026-09-24 20:58:11] [NEXUS] MODULE OFFLINE: DISCORD
[2026-09-24 20:58:11] [NEXUS] DRONE MODULE STOPPED
[2026-09-24 20:58:11] [NEXUS] MODULE OFFLINE: DRONE
[2026-09-24 20:58:11] [NEXUS] HARDWARE MODULE STOPPED
[2026-09-24 20:58:11] [NEXUS] MODULE OFFLINE: HARDWARE
[2026-09-24 20:58:11] [NEXUS] SYSTEM STOPPED
[2026-09-24 21:00:14] [NEXUS] WEB MODULE STOPPED
[2026-09-24 21:00:14] [NEXUS] MODULE OFFLINE: WEB
[2026-09-24 21:00:14] [NEXUS] DISCORD MODULE STOPPED
[2026-09-24 21:00:14] [NEXUS] MODULE OFFLINE: DISCORD
[2026-09-24 21:00:14] [NEXUS] DRONE MODULE STOPPED
[2026-09-24 21:00:14] [NEXUS] MODULE OFFLINE: DRONE
[2026-09-24 21:00:14] [NEXUS] HARDWARE MODULE STOPPED
[2026-09-24 21:00:14] [NEXUS] MODULE OFFLINE: HARDWARE
[2026-09-24 21:00:14] [NEXUS] SYSTEM STOPPED
[2026-09-24 21:00:50] [NEXUS] SYSTEM STARTED
[2026-09-24 21:00:50] [NEXUS] CORE INITIALIZED
[2026-09-24 21:00:50] [NEXUS] MODULE MANAGER INITIALIZED
[2026-09-24 21:00:50] [NEXUS] MODULE LOADED: WEB
[2026-09-24 21:00:50] [NEXUS] MODULE LOADED: DISCORD
[2026-09-24 21:00:50] [NEXUS] MODULE LOADED: DRONE
[2026-09-24 21:00:50] [NEXUS] MODULE LOADED: HARDWARE
[2026-09-24 21:00:50] [NEXUS] WEB SERVER STARTING
[2026-09-24 21:00:51] [NEXUS] WEB SERVER STARTED
[2026-09-24 21:00:51] [NEXUS] WEB DASHBOARD: http://127.0.0.1:5000
[2026-09-24 21:00:51] [NEXUS] MODULE ONLINE: WEB
[2026-09-24 21:00:51] [NEXUS] DISCORD MODULE STARTED
[2026-09-24 21:00:51] [NEXUS] MODULE ONLINE: DISCORD
[2026-09-24 21:00:51] [NEXUS] DRONE MODULE STARTED
[2026-09-24 21:00:51] [NEXUS] MODULE ONLINE: DRONE
[2026-09-24 21:00:51] [NEXUS] HARDWARE MODULE STARTED
[2026-09-24 21:00:51] [NEXUS] MODULE ONLINE: HARDWARE
[2026-09-24 21:01:04] [NEXUS] SYSTEM STARTED
[2026-09-24 21:01:04] [NEXUS] CORE INITIALIZED
[2026-09-24 21:01:04] [NEXUS] MODULE MANAGER INITIALIZED
[2026-09-24 21:01:04] [NEXUS] MODULE LOADED: WEB
[2026-09-24 21:01:04] [NEXUS] MODULE LOADED: DISCORD
[2026-09-24 21:01:04] [NEXUS] MODULE LOADED: DRONE
[2026-09-24 21:01:04] [NEXUS] MODULE LOADED: HARDWARE
[2026-09-24 21:01:04] [NEXUS] WEB SERVER STARTING
[2026-09-24 21:01:04] [NEXUS] WEB SERVER STARTED
[2026-09-24 21:01:04] [NEXUS] WEB DASHBOARD: http://127.0.0.1:5000
[2026-09-24 21:01:04] [NEXUS] MODULE ONLINE: WEB
[2026-09-24 21:01:04] [NEXUS] DISCORD MODULE STARTED
[2026-09-24 21:01:04] [NEXUS] MODULE ONLINE: DISCORD
[2026-09-24 21:01:04] [NEXUS] DRONE MODULE STARTED
[2026-09-24 21:01:04] [NEXUS] MODULE ONLINE: DRONE
[2026-09-24 21:01:04] [NEXUS] HARDWARE MODULE STARTED
[2026-09-24 21:01:04] [NEXUS] MODULE ONLINE: HARDWARE
[2026-09-24 21:05:43] [NEXUS] WEB MODULE STOP REQUESTED
[2026-09-24 21:05:43] [NEXUS] MODULE OFFLINE: WEB
[2026-09-24 21:05:43] [NEXUS] DISCORD MODULE STOPPED
[2026-09-24 21:05:43] [NEXUS] MODULE OFFLINE: DISCORD
[2026-09-24 21:05:43] [NEXUS] DRONE MODULE STOPPED
[2026-09-24 21:05:43] [NEXUS] MODULE OFFLINE: DRONE
[2026-09-24 21:05:43] [NEXUS] HARDWARE MODULE STOPPED
[2026-09-24 21:05:43] [NEXUS] MODULE OFFLINE: HARDWARE
[2026-09-24 21:05:43] [NEXUS] SYSTEM SHUTDOWN
[2026-09-24 21:05:43] [NEXUS] [SYSTEM] SYSTEM STARTED
[2026-09-24 21:05:43] [NEXUS] [SYSTEM] CORE INITIALIZED
[2026-09-24 21:05:43] [NEXUS] [INFO] MODULE MANAGER INITIALIZED
[2026-09-24 21:05:44] [NEXUS] [INFO] MODULE LOADED: WEB
[2026-09-24 21:05:44] [NEXUS] [INFO] MODULE LOADED: DISCORD
[2026-09-24 21:05:44] [NEXUS] [INFO] MODULE LOADED: DRONE
[2026-09-24 21:05:44] [NEXUS] [INFO] MODULE LOADED: HARDWARE
[2026-09-24 21:05:44] [NEXUS] [SYSTEM] WEB SERVER STARTING
[2026-09-24 21:05:44] [NEXUS] [SYSTEM] WEB SERVER STARTED
[2026-09-24 21:05:44] [NEXUS] [INFO] WEB DASHBOARD: http://127.0.0.1:5000
[2026-09-24 21:05:44] [NEXUS] [INFO] MODULE ONLINE: WEB
[2026-09-24 21:05:44] [NEXUS] [INFO] DISCORD MODULE STARTED
[2026-09-24 21:05:44] [NEXUS] [INFO] MODULE ONLINE: DISCORD
[2026-09-24 21:05:44] [NEXUS] [INFO] DRONE MODULE STARTED
[2026-09-24 21:05:44] [NEXUS] [INFO] MODULE ONLINE: DRONE
[2026-09-24 21:05:44] [NEXUS] [INFO] HARDWARE MODULE STARTED
[2026-09-24 21:05:44] [NEXUS] [INFO] MODULE ONLINE: HARDWARE
[2026-09-24 21:05:56] [NEXUS] [SYSTEM] SYSTEM STARTED
[2026-09-24 21:05:56] [NEXUS] [SYSTEM] CORE INITIALIZED
[2026-09-24 21:05:56] [NEXUS] [INFO] MODULE MANAGER INITIALIZED
[2026-09-24 21:05:57] [NEXUS] [INFO] MODULE LOADED: WEB
[2026-09-24 21:05:57] [NEXUS] [INFO] MODULE LOADED: DISCORD
[2026-09-24 21:05:57] [NEXUS] [INFO] MODULE LOADED: DRONE
[2026-09-24 21:05:57] [NEXUS] [INFO] MODULE LOADED: HARDWARE
[2026-09-24 21:05:57] [NEXUS] [SYSTEM] WEB SERVER STARTING
[2026-09-24 21:05:57] [NEXUS] [SYSTEM] WEB SERVER STARTED
[2026-09-24 21:05:57] [NEXUS] [INFO] WEB DASHBOARD: http://127.0.0.1:5000
[2026-09-24 21:05:57] [NEXUS] [INFO] MODULE ONLINE: WEB
[2026-09-24 21:05:57] [NEXUS] [INFO] DISCORD MODULE STARTED
[2026-09-24 21:05:57] [NEXUS] [INFO] MODULE ONLINE: DISCORD
[2026-09-24 21:05:57] [NEXUS] [INFO] DRONE MODULE STARTED
[2026-09-24 21:05:57] [NEXUS] [INFO] MODULE ONLINE: DRONE
[2026-09-24 21:05:57] [NEXUS] [INFO] HARDWARE MODULE STARTED
[2026-09-24 21:05:57] [NEXUS] [INFO] MODULE ONLINE: HARDWARE
[2026-09-24 21:15:18] [NEXUS] [INFO] NEXUS SHUTDOWN SEQUENCE
[2026-09-24 21:15:18] [NEXUS] [SYSTEM] WEB MODULE STOP REQUESTED
[2026-09-24 21:15:18] [NEXUS] [INFO] MODULE OFFLINE: WEB
[2026-09-24 21:15:18] [NEXUS] [INFO] DISCORD MODULE STOPPED
[2026-09-24 21:15:18] [NEXUS] [INFO] MODULE OFFLINE: DISCORD
[2026-09-24 21:15:18] [NEXUS] [INFO] DRONE MODULE STOPPED
[2026-09-24 21:15:18] [NEXUS] [INFO] MODULE OFFLINE: DRONE
[2026-09-24 21:15:18] [NEXUS] [INFO] HARDWARE MODULE STOPPED
[2026-09-24 21:15:18] [NEXUS] [INFO] MODULE OFFLINE: HARDWARE
[2026-09-24 21:15:18] [NEXUS] [SYSTEM] SYSTEM SHUTDOWN
[2026-09-24 21:16:37] [NEXUS] [INFO] NEXUS SHUTDOWN SEQUENCE
[2026-09-24 21:16:37] [NEXUS] [SYSTEM] WEB MODULE STOP REQUESTED
[2026-09-24 21:16:37] [NEXUS] [INFO] MODULE OFFLINE: WEB
[2026-09-24 21:16:37] [NEXUS] [INFO] DISCORD MODULE STOPPED
[2026-09-24 21:16:37] [NEXUS] [INFO] MODULE OFFLINE: DISCORD
[2026-09-24 21:16:37] [NEXUS] [INFO] DRONE MODULE STOPPED
[2026-09-24 21:16:37] [NEXUS] [INFO] MODULE OFFLINE: DRONE
[2026-09-24 21:16:37] [NEXUS] [INFO] HARDWARE MODULE STOPPED
[2026-09-24 21:16:37] [NEXUS] [INFO] MODULE OFFLINE: HARDWARE
[2026-09-24 21:16:37] [NEXUS] [SYSTEM] SYSTEM SHUTDOWN
[2026-09-24 21:16:38] [NEXUS] [SYSTEM] SYSTEM STARTED
[2026-09-24 21:16:38] [NEXUS] [SYSTEM] CORE INITIALIZED
[2026-09-24 21:16:38] [NEXUS] [INFO] MODULE MANAGER INITIALIZED
[2026-09-24 21:16:39] [NEXUS] [INFO] MODULE LOADED: WEB
[2026-09-24 21:16:39] [NEXUS] [INFO] MODULE LOADED: DISCORD
[2026-09-24 21:16:39] [NEXUS] [INFO] MODULE LOADED: DRONE
[2026-09-24 21:16:39] [NEXUS] [INFO] MODULE LOADED: HARDWARE
[2026-09-24 21:16:39] [NEXUS] [SYSTEM] WEB SERVER STARTING
[2026-09-24 21:16:39] [NEXUS] [SYSTEM] WEB SERVER STARTED
[2026-09-24 21:16:39] [NEXUS] [INFO] WEB DASHBOARD: http://127.0.0.1:5000
[2026-09-24 21:16:39] [NEXUS] [INFO] MODULE ONLINE: WEB
[2026-09-24 21:16:39] [NEXUS] [INFO] DISCORD MODULE STARTED
[2026-09-24 21:16:39] [NEXUS] [INFO] MODULE ONLINE: DISCORD
[2026-09-24 21:16:39] [NEXUS] [INFO] DRONE MODULE STARTED
[2026-09-24 21:16:39] [NEXUS] [INFO] MODULE ONLINE: DRONE
[2026-09-24 21:16:39] [NEXUS] [INFO] HARDWARE MODULE STARTED
[2026-09-24 21:16:39] [NEXUS] [INFO] MODULE ONLINE: HARDWARE
[2026-09-24 21:16:54] [NEXUS] [SYSTEM] SYSTEM STARTED
[2026-09-24 21:16:54] [NEXUS] [SYSTEM] CORE INITIALIZED
[2026-09-24 21:16:54] [NEXUS] [INFO] MODULE MANAGER INITIALIZED
[2026-09-24 21:16:54] [NEXUS] [INFO] MODULE LOADED: WEB
[2026-09-24 21:16:54] [NEXUS] [INFO] MODULE LOADED: DISCORD
[2026-09-24 21:16:54] [NEXUS] [INFO] MODULE LOADED: DRONE
[2026-09-24 21:16:54] [NEXUS] [INFO] MODULE LOADED: HARDWARE
[2026-09-24 21:16:54] [NEXUS] [SYSTEM] WEB SERVER STARTING
[2026-09-24 21:16:54] [NEXUS] [SYSTEM] WEB SERVER STARTED
[2026-09-24 21:16:54] [NEXUS] [INFO] WEB DASHBOARD: http://127.0.0.1:5000
[2026-09-24 21:16:54] [NEXUS] [INFO] MODULE ONLINE: WEB
[2026-09-24 21:16:54] [NEXUS] [INFO] DISCORD MODULE STARTED
[2026-09-24 21:16:54] [NEXUS] [INFO] MODULE ONLINE: DISCORD
[2026-09-24 21:16:54] [NEXUS] [INFO] DRONE MODULE STARTED
[2026-09-24 21:16:54] [NEXUS] [INFO] MODULE ONLINE: DRONE
[2026-09-24 21:16:54] [NEXUS] [INFO] HARDWARE MODULE STARTED
[2026-09-24 21:16:54] [NEXUS] [INFO] MODULE ONLINE: HARDWARE
[2026-09-24 21:17:20] [NEXUS] [INFO] NEXUS SHUTDOWN SEQUENCE
[2026-09-24 21:17:20] [NEXUS] [SYSTEM] WEB MODULE STOP REQUESTED
[2026-09-24 21:17:20] [NEXUS] [INFO] MODULE OFFLINE: WEB
[2026-09-24 21:17:20] [NEXUS] [INFO] DISCORD MODULE STOPPED
[2026-09-24 21:17:20] [NEXUS] [INFO] MODULE OFFLINE: DISCORD
[2026-09-24 21:17:20] [NEXUS] [INFO] DRONE MODULE STOPPED
[2026-09-24 21:17:20] [NEXUS] [INFO] MODULE OFFLINE: DRONE
[2026-09-24 21:17:20] [NEXUS] [INFO] HARDWARE MODULE STOPPED
[2026-09-24 21:17:20] [NEXUS] [INFO] MODULE OFFLINE: HARDWARE
[2026-09-24 21:17:20] [NEXUS] [SYSTEM] SYSTEM SHUTDOWN
[2026-09-24 21:17:29] [NEXUS] [SYSTEM] SYSTEM STARTED
[2026-09-24 21:17:29] [NEXUS] [SYSTEM] CORE INITIALIZED
[2026-09-24 21:17:29] [NEXUS] [INFO] MODULE MANAGER INITIALIZED
[2026-09-24 21:17:29] [NEXUS] [INFO] MODULE LOADED: WEB
[2026-09-24 21:17:29] [NEXUS] [INFO] MODULE LOADED: DISCORD
[2026-09-24 21:17:29] [NEXUS] [INFO] MODULE LOADED: DRONE
[2026-09-24 21:17:29] [NEXUS] [INFO] MODULE LOADED: HARDWARE
[2026-09-24 21:17:29] [NEXUS] [SYSTEM] WEB SERVER STARTING
[2026-09-24 21:17:30] [NEXUS] [SYSTEM] WEB SERVER STARTED
[2026-09-24 21:17:30] [NEXUS] [INFO] WEB DASHBOARD: http://127.0.0.1:5000
[2026-09-24 21:17:30] [NEXUS] [INFO] MODULE ONLINE: WEB
[2026-09-24 21:17:30] [NEXUS] [INFO] DISCORD MODULE STARTED
[2026-09-24 21:17:30] [NEXUS] [INFO] MODULE ONLINE: DISCORD
[2026-09-24 21:17:30] [NEXUS] [INFO] DRONE MODULE STARTED
[2026-09-24 21:17:30] [NEXUS] [INFO] MODULE ONLINE: DRONE
[2026-09-24 21:17:30] [NEXUS] [INFO] HARDWARE MODULE STARTED
[2026-09-24 21:17:30] [NEXUS] [INFO] MODULE ONLINE: HARDWARE
[2026-09-24 21:17:32] [NEXUS] [INFO] NEXUS SHUTDOWN SEQUENCE
[2026-09-24 21:17:32] [NEXUS] [SYSTEM] WEB MODULE STOP REQUESTED
[2026-09-24 21:17:32] [NEXUS] [INFO] MODULE OFFLINE: WEB
[2026-09-24 21:17:32] [NEXUS] [INFO] DISCORD MODULE STOPPED
[2026-09-24 21:17:32] [NEXUS] [INFO] MODULE OFFLINE: DISCORD
[2026-09-24 21:17:32] [NEXUS] [INFO] DRONE MODULE STOPPED
[2026-09-24 21:17:32] [NEXUS] [INFO] MODULE OFFLINE: DRONE
[2026-09-24 21:17:32] [NEXUS] [INFO] HARDWARE MODULE STOPPED
[2026-09-24 21:17:32] [NEXUS] [INFO] MODULE OFFLINE: HARDWARE
[2026-09-24 21:17:32] [NEXUS] [SYSTEM] SYSTEM SHUTDOWN
[2026-09-24 21:18:24] [NEXUS] [INFO] NEXUS SHUTDOWN SEQUENCE
[2026-09-24 21:18:24] [NEXUS] [SYSTEM] WEB MODULE STOP REQUESTED
[2026-09-24 21:18:24] [NEXUS] [INFO] MODULE OFFLINE: WEB
[2026-09-24 21:18:24] [NEXUS] [INFO] DISCORD MODULE STOPPED
[2026-09-24 21:18:24] [NEXUS] [INFO] MODULE OFFLINE: DISCORD
[2026-09-24 21:18:24] [NEXUS] [INFO] DRONE MODULE STOPPED
[2026-09-24 21:18:24] [NEXUS] [INFO] MODULE OFFLINE: DRONE
[2026-09-24 21:18:24] [NEXUS] [INFO] HARDWARE MODULE STOPPED
[2026-09-24 21:18:24] [NEXUS] [INFO] MODULE OFFLINE: HARDWARE
[2026-09-24 21:18:24] [NEXUS] [SYSTEM] SYSTEM SHUTDOWN
[2026-09-24 21:44:08] [NEXUS] [SYSTEM] SYSTEM STARTED
[2026-09-24 21:44:08] [NEXUS] [SYSTEM] CORE INITIALIZED
[2026-09-24 21:44:08] [NEXUS] [INFO] MODULE MANAGER INITIALIZED
[2026-09-24 21:44:08] [NEXUS] [INFO] MODULE LOADED: WEB
[2026-09-24 21:44:09] [NEXUS] [INFO] MODULE LOADED: DISCORD
[2026-09-24 21:44:09] [NEXUS] [INFO] MODULE LOADED: DRONE
[2026-09-24 21:44:09] [NEXUS] [INFO] MODULE LOADED: HARDWARE
[2026-09-24 21:44:09] [NEXUS] [SYSTEM] WEB SERVER STARTING
[2026-09-24 21:44:09] [NEXUS] [SYSTEM] WEB SERVER STARTED
[2026-09-24 21:44:09] [NEXUS] [INFO] WEB DASHBOARD: http://127.0.0.1:5000
[2026-09-24 21:44:09] [NEXUS] [INFO] MODULE ONLINE: WEB
[2026-09-24 21:44:09] [NEXUS] [ERROR] DISCORD TOKEN NOT FOUND
[2026-09-24 21:44:09] [NEXUS] [WARNING] Create a .env file and set DISCORD_TOKEN
[2026-09-24 21:44:09] [NEXUS] [INFO] MODULE ONLINE: DISCORD
[2026-09-24 21:44:09] [NEXUS] [INFO] DRONE MODULE STARTED
[2026-09-24 21:44:09] [NEXUS] [INFO] MODULE ONLINE: DRONE
[2026-09-24 21:44:09] [NEXUS] [INFO] HARDWARE MODULE STARTED
[2026-09-24 21:44:09] [NEXUS] [INFO] MODULE ONLINE: HARDWARE
[2026-09-24 21:46:08] [NEXUS] [INFO] NEXUS SHUTDOWN SEQUENCE
[2026-09-24 21:46:08] [NEXUS] [SYSTEM] WEB MODULE STOP REQUESTED
[2026-09-24 21:46:08] [NEXUS] [INFO] MODULE OFFLINE: WEB
[2026-09-24 21:46:08] [NEXUS] [INFO] DISCORD MODULE STOPPED
[2026-09-24 21:46:08] [NEXUS] [INFO] MODULE OFFLINE: DISCORD
[2026-09-24 21:46:08] [NEXUS] [INFO] DRONE MODULE STOPPED
[2026-09-24 21:46:08] [NEXUS] [INFO] MODULE OFFLINE: DRONE
[2026-09-24 21:46:08] [NEXUS] [INFO] HARDWARE MODULE STOPPED
[2026-09-24 21:46:08] [NEXUS] [INFO] MODULE OFFLINE: HARDWARE
[2026-09-24 21:46:08] [NEXUS] [SYSTEM] SYSTEM SHUTDOWN
[2026-09-24 21:46:08] [NEXUS] [SYSTEM] SYSTEM STARTED
[2026-09-24 21:46:08] [NEXUS] [SYSTEM] CORE INITIALIZED
[2026-09-24 21:46:08] [NEXUS] [INFO] MODULE MANAGER INITIALIZED
[2026-09-24 21:46:08] [NEXUS] [INFO] MODULE LOADED: WEB
[2026-09-24 21:46:09] [NEXUS] [INFO] MODULE LOADED: DISCORD
[2026-09-24 21:46:09] [NEXUS] [INFO] MODULE LOADED: DRONE
[2026-09-24 21:46:09] [NEXUS] [INFO] MODULE LOADED: HARDWARE
[2026-09-24 21:46:09] [NEXUS] [SYSTEM] WEB SERVER STARTING
[2026-09-24 21:46:09] [NEXUS] [SYSTEM] WEB SERVER STARTED
[2026-09-24 21:46:09] [NEXUS] [INFO] WEB DASHBOARD: http://127.0.0.1:5000
[2026-09-24 21:46:09] [NEXUS] [INFO] MODULE ONLINE: WEB
[2026-09-24 21:46:09] [NEXUS] [ERROR] DISCORD TOKEN NOT FOUND
[2026-09-24 21:46:09] [NEXUS] [WARNING] Create a .env file and set DISCORD_TOKEN
[2026-09-24 21:46:09] [NEXUS] [INFO] MODULE ONLINE: DISCORD
[2026-09-24 21:46:09] [NEXUS] [INFO] DRONE MODULE STARTED
[2026-09-24 21:46:09] [NEXUS] [INFO] MODULE ONLINE: DRONE
[2026-09-24 21:46:09] [NEXUS] [INFO] HARDWARE MODULE STARTED
[2026-09-24 21:46:09] [NEXUS] [INFO] MODULE ONLINE: HARDWARE
[2026-09-24 21:48:12] [NEXUS] [INFO] NEXUS SHUTDOWN SEQUENCE
[2026-09-24 21:48:12] [NEXUS] [SYSTEM] WEB MODULE STOP REQUESTED
[2026-09-24 21:48:12] [NEXUS] [INFO] MODULE OFFLINE: WEB
[2026-09-24 21:48:12] [NEXUS] [INFO] DISCORD MODULE STOPPED
[2026-09-24 21:48:12] [NEXUS] [INFO] MODULE OFFLINE: DISCORD
[2026-09-24 21:48:12] [NEXUS] [INFO] DRONE MODULE STOPPED
[2026-09-24 21:48:12] [NEXUS] [INFO] MODULE OFFLINE: DRONE
[2026-09-24 21:48:12] [NEXUS] [INFO] HARDWARE MODULE STOPPED
[2026-09-24 21:48:12] [NEXUS] [INFO] MODULE OFFLINE: HARDWARE
[2026-09-24 21:48:12] [NEXUS] [SYSTEM] SYSTEM SHUTDOWN
[2026-09-24 21:49:03] [NEXUS] [SYSTEM] SYSTEM STARTED
[2026-09-24 21:49:03] [NEXUS] [SYSTEM] CORE INITIALIZED
[2026-09-24 21:49:03] [NEXUS] [INFO] MODULE MANAGER INITIALIZED
[2026-09-24 21:49:03] [NEXUS] [INFO] MODULE LOADED: WEB
[2026-09-24 21:49:03] [NEXUS] [INFO] MODULE LOADED: DISCORD
[2026-09-24 21:49:03] [NEXUS] [INFO] MODULE LOADED: DRONE
[2026-09-24 21:49:03] [NEXUS] [INFO] MODULE LOADED: HARDWARE
[2026-09-24 21:49:03] [NEXUS] [SYSTEM] WEB SERVER STARTING
[2026-09-24 21:49:04] [NEXUS] [SYSTEM] WEB SERVER STARTED
[2026-09-24 21:49:04] [NEXUS] [INFO] WEB DASHBOARD: http://127.0.0.1:5000
[2026-09-24 21:49:04] [NEXUS] [INFO] MODULE ONLINE: WEB
[2026-09-24 21:49:04] [NEXUS] [ERROR] DISCORD TOKEN NOT FOUND
[2026-09-24 21:49:04] [NEXUS] [WARNING] Create a .env file and set DISCORD_TOKEN
[2026-09-24 21:49:04] [NEXUS] [INFO] MODULE ONLINE: DISCORD
[2026-09-24 21:49:04] [NEXUS] [INFO] DRONE MODULE STARTED
[2026-09-24 21:49:04] [NEXUS] [INFO] MODULE ONLINE: DRONE
[2026-09-24 21:49:04] [NEXUS] [INFO] HARDWARE MODULE STARTED
[2026-09-24 21:49:04] [NEXUS] [INFO] MODULE ONLINE: HARDWARE
[2026-09-24 21:49:41] [NEXUS] [INFO] NEXUS SHUTDOWN SEQUENCE
[2026-09-24 21:49:41] [NEXUS] [SYSTEM] WEB MODULE STOP REQUESTED
[2026-09-24 21:49:41] [NEXUS] [INFO] MODULE OFFLINE: WEB
[2026-09-24 21:49:41] [NEXUS] [INFO] DISCORD MODULE STOPPED
[2026-09-24 21:49:41] [NEXUS] [INFO] MODULE OFFLINE: DISCORD
[2026-09-24 21:49:41] [NEXUS] [INFO] DRONE MODULE STOPPED
[2026-09-24 21:49:41] [NEXUS] [INFO] MODULE OFFLINE: DRONE
[2026-09-24 21:49:41] [NEXUS] [INFO] HARDWARE MODULE STOPPED
[2026-09-24 21:49:41] [NEXUS] [INFO] MODULE OFFLINE: HARDWARE
[2026-09-24 21:49:41] [NEXUS] [SYSTEM] SYSTEM SHUTDOWN
[2026-09-24 21:51:25] [NEXUS] [SYSTEM] SYSTEM STARTED
[2026-09-24 21:51:25] [NEXUS] [SYSTEM] CORE INITIALIZED
[2026-09-24 21:51:25] [NEXUS] [INFO] MODULE MANAGER INITIALIZED
[2026-09-24 21:51:26] [NEXUS] [INFO] MODULE LOADED: WEB
[2026-09-24 21:51:26] [NEXUS] [INFO] MODULE LOADED: DISCORD
[2026-09-24 21:51:26] [NEXUS] [INFO] MODULE LOADED: DRONE
[2026-09-24 21:51:26] [NEXUS] [INFO] MODULE LOADED: HARDWARE
[2026-09-24 21:51:26] [NEXUS] [SYSTEM] WEB SERVER STARTING
[2026-09-24 21:51:26] [NEXUS] [SYSTEM] WEB SERVER STARTED
[2026-09-24 21:51:26] [NEXUS] [INFO] WEB DASHBOARD: http://127.0.0.1:5000
[2026-09-24 21:51:26] [NEXUS] [INFO] MODULE ONLINE: WEB
[2026-09-24 21:51:26] [NEXUS] [INFO] DISCORD MODULE STARTING
[2026-09-24 21:51:26] [NEXUS] [INFO] MODULE ONLINE: DISCORD
[2026-09-24 21:51:26] [NEXUS] [INFO] DRONE MODULE STARTED
[2026-09-24 21:51:26] [NEXUS] [INFO] MODULE ONLINE: DRONE
[2026-09-24 21:51:26] [NEXUS] [INFO] HARDWARE MODULE STARTED
[2026-09-24 21:51:26] [NEXUS] [INFO] MODULE ONLINE: HARDWARE
[2026-09-24 21:51:34] [NEXUS] [ERROR] DISCORD CONNECTION FAILED: Shard ID None is requesting privileged intents that have not been explicitly enabled in the developer portal. It is recommended to go to https://discord.com/developers/applications/ and explicitly enable the privileged intents within your application's page. If this is not possible, then consider disabling the privileged intents instead.
[2026-09-24 21:55:04] [NEXUS] [INFO] NEXUS SHUTDOWN SEQUENCE
[2026-09-24 21:55:04] [NEXUS] [SYSTEM] WEB MODULE STOP REQUESTED
[2026-09-24 21:55:04] [NEXUS] [INFO] MODULE OFFLINE: WEB
[2026-09-24 21:55:04] [NEXUS] [ERROR] DISCORD SHUTDOWN FAILED: Event loop is closed
[2026-09-24 21:55:04] [NEXUS] [INFO] DISCORD MODULE STOPPED
[2026-09-24 21:55:04] [NEXUS] [INFO] MODULE OFFLINE: DISCORD
[2026-09-24 21:55:04] [NEXUS] [INFO] DRONE MODULE STOPPED
[2026-09-24 21:55:04] [NEXUS] [INFO] MODULE OFFLINE: DRONE
[2026-09-24 21:55:04] [NEXUS] [INFO] HARDWARE MODULE STOPPED
[2026-09-24 21:55:04] [NEXUS] [INFO] MODULE OFFLINE: HARDWARE
[2026-09-24 21:55:04] [NEXUS] [SYSTEM] SYSTEM SHUTDOWN
[2026-09-24 21:55:05] [NEXUS] [SYSTEM] SYSTEM STARTED
[2026-09-24 21:55:05] [NEXUS] [SYSTEM] CORE INITIALIZED
[2026-09-24 21:55:05] [NEXUS] [INFO] MODULE MANAGER INITIALIZED
[2026-09-24 21:55:05] [NEXUS] [INFO] MODULE LOADED: WEB
[2026-09-24 21:55:06] [NEXUS] [INFO] MODULE LOADED: DISCORD
[2026-09-24 21:55:06] [NEXUS] [INFO] MODULE LOADED: DRONE
[2026-09-24 21:55:06] [NEXUS] [INFO] MODULE LOADED: HARDWARE
[2026-09-24 21:55:06] [NEXUS] [SYSTEM] WEB SERVER STARTING
[2026-09-24 21:55:06] [NEXUS] [SYSTEM] WEB SERVER STARTED
[2026-09-24 21:55:06] [NEXUS] [INFO] WEB DASHBOARD: http://127.0.0.1:5000
[2026-09-24 21:55:06] [NEXUS] [INFO] MODULE ONLINE: WEB
[2026-09-24 21:55:06] [NEXUS] [INFO] DISCORD MODULE STARTING
[2026-09-24 21:55:06] [NEXUS] [INFO] MODULE ONLINE: DISCORD
[2026-09-24 21:55:06] [NEXUS] [INFO] DRONE MODULE STARTED
[2026-09-24 21:55:06] [NEXUS] [INFO] MODULE ONLINE: DRONE
[2026-09-24 21:55:06] [NEXUS] [INFO] HARDWARE MODULE STARTED
[2026-09-24 21:55:06] [NEXUS] [INFO] MODULE ONLINE: HARDWARE
[2026-09-24 21:55:09] [NEXUS] [INFO] DISCORD CONNECTED: 모듈이#3630
[2026-09-24 21:57:52] [NEXUS] [INFO] NEXUS SHUTDOWN SEQUENCE
[2026-09-24 21:57:52] [NEXUS] [SYSTEM] WEB MODULE STOP REQUESTED
[2026-09-24 21:57:52] [NEXUS] [INFO] MODULE OFFLINE: WEB
[2026-09-24 21:57:52] [NEXUS] [ERROR] DISCORD SHUTDOWN FAILED: 
[2026-09-24 21:57:52] [NEXUS] [INFO] DISCORD MODULE STOPPED
[2026-09-24 21:57:52] [NEXUS] [INFO] MODULE OFFLINE: DISCORD
[2026-09-24 21:57:52] [NEXUS] [INFO] DRONE MODULE STOPPED
[2026-09-24 21:57:52] [NEXUS] [INFO] MODULE OFFLINE: DRONE
[2026-09-24 21:57:52] [NEXUS] [INFO] HARDWARE MODULE STOPPED
[2026-09-24 21:57:52] [NEXUS] [INFO] MODULE OFFLINE: HARDWARE
[2026-09-24 21:57:52] [NEXUS] [SYSTEM] SYSTEM SHUTDOWN
[2026-09-24 22:03:12] [NEXUS] [SYSTEM] SYSTEM STARTED
[2026-09-24 22:03:12] [NEXUS] [SYSTEM] CORE INITIALIZED
[2026-09-24 22:03:12] [NEXUS] [INFO] MODULE MANAGER INITIALIZED
[2026-09-24 22:03:12] [NEXUS] [INFO] MODULE LOADED: WEB
[2026-09-24 22:03:12] [NEXUS] [INFO] MODULE LOADED: DISCORD
[2026-09-24 22:03:12] [NEXUS] [INFO] MODULE LOADED: DRONE
[2026-09-24 22:03:12] [NEXUS] [INFO] MODULE LOADED: HARDWARE
[2026-09-24 22:03:12] [NEXUS] [SYSTEM] WEB SERVER STARTING
[2026-09-24 22:03:13] [NEXUS] [SYSTEM] WEB SERVER STARTED
[2026-09-24 22:03:13] [NEXUS] [INFO] WEB DASHBOARD: http://127.0.0.1:5000
[2026-09-24 22:03:13] [NEXUS] [INFO] MODULE ONLINE: WEB
[2026-09-24 22:03:13] [NEXUS] [INFO] DISCORD MODULE STARTING
[2026-09-24 22:03:13] [NEXUS] [INFO] MODULE ONLINE: DISCORD
[2026-09-24 22:03:13] [NEXUS] [INFO] DRONE MODULE STARTED
[2026-09-24 22:03:13] [NEXUS] [INFO] MODULE ONLINE: DRONE
[2026-09-24 22:03:13] [NEXUS] [INFO] HARDWARE MODULE STARTED
[2026-09-24 22:03:13] [NEXUS] [INFO] MODULE ONLINE: HARDWARE
[2026-09-24 22:03:16] [NEXUS] [INFO] DISCORD CONNECTED: 모듈이#3630
[2026-09-24 22:07:25] [NEXUS] [INFO] NEXUS SHUTDOWN SEQUENCE
[2026-09-24 22:07:25] [NEXUS] [SYSTEM] WEB MODULE STOP REQUESTED
[2026-09-24 22:07:25] [NEXUS] [INFO] MODULE OFFLINE: WEB
[2026-09-24 22:07:25] [NEXUS] [ERROR] DISCORD SHUTDOWN FAILED: 
[2026-09-24 22:07:25] [NEXUS] [INFO] DISCORD MODULE STOPPED
[2026-09-24 22:07:25] [NEXUS] [INFO] MODULE OFFLINE: DISCORD
[2026-09-24 22:07:25] [NEXUS] [INFO] DRONE MODULE STOPPED
[2026-09-24 22:07:25] [NEXUS] [INFO] MODULE OFFLINE: DRONE
[2026-09-24 22:07:25] [NEXUS] [INFO] HARDWARE MODULE STOPPED
[2026-09-24 22:07:25] [NEXUS] [INFO] MODULE OFFLINE: HARDWARE
[2026-09-24 22:07:25] [NEXUS] [SYSTEM] SYSTEM SHUTDOWN
[2026-09-24 22:21:59] [NEXUS] [SYSTEM] SYSTEM STARTED
[2026-09-24 22:21:59] [NEXUS] [SYSTEM] CORE INITIALIZED
[2026-09-24 22:21:59] [NEXUS] [INFO] MODULE MANAGER INITIALIZED
[2026-09-24 22:21:59] [NEXUS] [INFO] MODULE LOADED: WEB
[2026-09-24 22:22:00] [NEXUS] [INFO] MODULE LOADED: DISCORD
[2026-09-24 22:22:00] [NEXUS] [INFO] MODULE LOADED: DRONE
[2026-09-24 22:22:00] [NEXUS] [INFO] MODULE LOADED: HARDWARE
[2026-09-24 22:22:00] [NEXUS] [SYSTEM] WEB SERVER STARTING
[2026-09-24 22:22:00] [NEXUS] [SYSTEM] WEB SERVER STARTED
[2026-09-24 22:22:00] [NEXUS] [INFO] WEB DASHBOARD: http://127.0.0.1:5000
[2026-09-24 22:22:00] [NEXUS] [INFO] MODULE ONLINE: WEB
[2026-09-24 22:22:00] [NEXUS] [INFO] DISCORD MODULE STARTING
[2026-09-24 22:22:00] [NEXUS] [INFO] MODULE ONLINE: DISCORD
[2026-09-24 22:22:00] [NEXUS] [INFO] DRONE MODULE STARTED
[2026-09-24 22:22:00] [NEXUS] [INFO] MODULE ONLINE: DRONE
[2026-09-24 22:22:00] [NEXUS] [INFO] HARDWARE MODULE STARTED
[2026-09-24 22:22:00] [NEXUS] [INFO] MODULE ONLINE: HARDWARE
[2026-09-24 22:22:04] [NEXUS] [INFO] DISCORD CONNECTED: 모듈이#3630
[2026-09-24 22:22:28] [NEXUS] [INFO] NEXUS SHUTDOWN SEQUENCE
[2026-09-24 22:22:28] [NEXUS] [SYSTEM] WEB MODULE STOP REQUESTED
[2026-09-24 22:22:28] [NEXUS] [INFO] MODULE OFFLINE: WEB
[2026-09-24 22:22:28] [NEXUS] [ERROR] DISCORD SHUTDOWN FAILED: 
[2026-09-24 22:22:28] [NEXUS] [INFO] DISCORD MODULE STOPPED
[2026-09-24 22:22:28] [NEXUS] [INFO] MODULE OFFLINE: DISCORD
[2026-09-24 22:22:28] [NEXUS] [INFO] DRONE MODULE STOPPED
[2026-09-24 22:22:28] [NEXUS] [INFO] MODULE OFFLINE: DRONE
[2026-09-24 22:22:28] [NEXUS] [INFO] HARDWARE MODULE STOPPED
[2026-09-24 22:22:28] [NEXUS] [INFO] MODULE OFFLINE: HARDWARE
[2026-09-24 22:22:28] [NEXUS] [SYSTEM] SYSTEM SHUTDOWN
[2026-09-24 22:22:37] [NEXUS] [SYSTEM] SYSTEM STARTED
[2026-09-24 22:22:37] [NEXUS] [SYSTEM] CORE INITIALIZED
[2026-09-24 22:22:37] [NEXUS] [INFO] MODULE MANAGER INITIALIZED
[2026-09-24 22:22:37] [NEXUS] [INFO] MODULE LOAD FAILED: modules.web - [Errno 2] No such file or directory: '\\mnt\\data\\붙여넣은 마크다운(1)(2).md'
[2026-09-24 22:22:37] [NEXUS] [INFO] MODULE LOADED: DISCORD
[2026-09-24 22:22:37] [NEXUS] [INFO] MODULE LOADED: DRONE
[2026-09-24 22:22:37] [NEXUS] [INFO] MODULE LOADED: HARDWARE
[2026-09-24 22:22:37] [NEXUS] [INFO] DISCORD MODULE STARTING
[2026-09-24 22:22:37] [NEXUS] [INFO] MODULE ONLINE: DISCORD
[2026-09-24 22:22:37] [NEXUS] [INFO] DRONE MODULE STARTED
[2026-09-24 22:22:37] [NEXUS] [INFO] MODULE ONLINE: DRONE
[2026-09-24 22:22:37] [NEXUS] [INFO] HARDWARE MODULE STARTED
[2026-09-24 22:22:37] [NEXUS] [INFO] MODULE ONLINE: HARDWARE
[2026-09-24 22:22:40] [NEXUS] [INFO] DISCORD CONNECTED: 모듈이#3630
[2026-09-24 22:31:20] [NEXUS] [INFO] NEXUS SHUTDOWN SEQUENCE
[2026-09-24 22:31:20] [NEXUS] [ERROR] DISCORD SHUTDOWN FAILED: 
[2026-09-24 22:31:20] [NEXUS] [INFO] DISCORD MODULE STOPPED
[2026-09-24 22:31:20] [NEXUS] [INFO] MODULE OFFLINE: DISCORD
[2026-09-24 22:31:20] [NEXUS] [INFO] DRONE MODULE STOPPED
[2026-09-24 22:31:20] [NEXUS] [INFO] MODULE OFFLINE: DRONE
[2026-09-24 22:31:20] [NEXUS] [INFO] HARDWARE MODULE STOPPED
[2026-09-24 22:31:20] [NEXUS] [INFO] MODULE OFFLINE: HARDWARE
[2026-09-24 22:31:20] [NEXUS] [SYSTEM] SYSTEM SHUTDOWN
[2026-09-24 22:31:21] [NEXUS] [SYSTEM] SYSTEM STARTED
[2026-09-24 22:31:21] [NEXUS] [SYSTEM] CORE INITIALIZED
[2026-09-24 22:31:21] [NEXUS] [INFO] MODULE MANAGER INITIALIZED
[2026-09-24 22:31:21] [NEXUS] [INFO] MODULE LOAD FAILED: modules.web - [Errno 2] No such file or directory: '\\mnt\\data\\붙여넣은 마크다운(1)(2).md'
[2026-09-24 22:31:21] [NEXUS] [INFO] MODULE LOADED: DISCORD
[2026-09-24 22:31:21] [NEXUS] [INFO] MODULE LOADED: DRONE
[2026-09-24 22:31:21] [NEXUS] [INFO] MODULE LOADED: HARDWARE
[2026-09-24 22:31:21] [NEXUS] [INFO] DISCORD MODULE STARTING
[2026-09-24 22:31:21] [NEXUS] [INFO] MODULE ONLINE: DISCORD
[2026-09-24 22:31:21] [NEXUS] [INFO] DRONE MODULE STARTED
[2026-09-24 22:31:21] [NEXUS] [INFO] MODULE ONLINE: DRONE
[2026-09-24 22:31:21] [NEXUS] [INFO] HARDWARE MODULE STARTED
[2026-09-24 22:31:21] [NEXUS] [INFO] MODULE ONLINE: HARDWARE
[2026-09-24 22:31:25] [NEXUS] [INFO] DISCORD CONNECTED: 모듈이#3630
[2026-09-24 22:31:47] [NEXUS] [INFO] NEXUS SHUTDOWN SEQUENCE
[2026-09-24 22:31:47] [NEXUS] [ERROR] DISCORD SHUTDOWN FAILED: 
[2026-09-24 22:31:47] [NEXUS] [INFO] DISCORD MODULE STOPPED
[2026-09-24 22:31:47] [NEXUS] [INFO] MODULE OFFLINE: DISCORD
[2026-09-24 22:31:47] [NEXUS] [INFO] DRONE MODULE STOPPED
[2026-09-24 22:31:47] [NEXUS] [INFO] MODULE OFFLINE: DRONE
[2026-09-24 22:31:47] [NEXUS] [INFO] HARDWARE MODULE STOPPED
[2026-09-24 22:31:47] [NEXUS] [INFO] MODULE OFFLINE: HARDWARE
[2026-09-24 22:31:47] [NEXUS] [SYSTEM] SYSTEM SHUTDOWN
[2026-09-24 22:32:26] [NEXUS] [SYSTEM] SYSTEM STARTED
[2026-09-24 22:32:26] [NEXUS] [SYSTEM] CORE INITIALIZED
[2026-09-24 22:32:26] [NEXUS] [INFO] MODULE MANAGER INITIALIZED
[2026-09-24 22:32:26] [NEXUS] [INFO] MODULE LOADED: WEB
[2026-09-24 22:32:27] [NEXUS] [INFO] MODULE LOADED: DISCORD
[2026-09-24 22:32:27] [NEXUS] [INFO] MODULE LOADED: DRONE
[2026-09-24 22:32:27] [NEXUS] [INFO] MODULE LOADED: HARDWARE
[2026-09-24 22:32:27] [NEXUS] [INFO] WEB SERVER STARTING
[2026-09-24 22:32:27] [NEXUS] [INFO] WEB SERVER STARTED
[2026-09-24 22:32:27] [NEXUS] [INFO] WEB DASHBOARD: http://127.0.0.1:5000
[2026-09-24 22:32:27] [NEXUS] [INFO] MODULE ONLINE: WEB
[2026-09-24 22:32:27] [NEXUS] [INFO] DISCORD MODULE STARTING
[2026-09-24 22:32:27] [NEXUS] [INFO] MODULE ONLINE: DISCORD
[2026-09-24 22:32:27] [NEXUS] [INFO] DRONE MODULE STARTED
[2026-09-24 22:32:27] [NEXUS] [INFO] MODULE ONLINE: DRONE
[2026-09-24 22:32:27] [NEXUS] [INFO] HARDWARE MODULE STARTED
[2026-09-24 22:32:27] [NEXUS] [INFO] MODULE ONLINE: HARDWARE
[2026-09-24 22:32:30] [NEXUS] [INFO] DISCORD CONNECTED: 모듈이#3630
[2026-09-24 22:41:59] [NEXUS] [SYSTEM] SYSTEM STARTED
[2026-09-24 22:41:59] [NEXUS] [SYSTEM] CORE INITIALIZED
[2026-09-24 22:41:59] [NEXUS] [INFO] MODULE MANAGER INITIALIZED
[2026-09-24 22:42:00] [NEXUS] [INFO] MODULE LOADED: WEB
[2026-09-24 22:42:00] [NEXUS] [INFO] MODULE LOADED: DISCORD
[2026-09-24 22:42:00] [NEXUS] [INFO] MODULE LOADED: DRONE
[2026-09-24 22:42:00] [NEXUS] [INFO] MODULE LOADED: HARDWARE
[2026-09-24 22:42:00] [NEXUS] [INFO] WEB SERVER STARTING
[2026-09-24 22:42:00] [NEXUS] [INFO] WEB SERVER STARTED
[2026-09-24 22:42:00] [NEXUS] [INFO] WEB DASHBOARD: http://127.0.0.1:5000
[2026-09-24 22:42:00] [NEXUS] [INFO] MODULE ONLINE: WEB
[2026-09-24 22:42:00] [NEXUS] [INFO] DISCORD MODULE STARTING
[2026-09-24 22:42:00] [NEXUS] [INFO] MODULE ONLINE: DISCORD
[2026-09-24 22:42:00] [NEXUS] [INFO] DRONE MODULE STARTED
[2026-09-24 22:42:00] [NEXUS] [INFO] MODULE ONLINE: DRONE
[2026-09-24 22:42:00] [NEXUS] [INFO] HARDWARE MODULE STARTED
[2026-09-24 22:42:00] [NEXUS] [INFO] MODULE ONLINE: HARDWARE
[2026-09-24 22:42:03] [NEXUS] [INFO] DISCORD CONNECTED: 모듈이#3630
[2026-09-25 18:17:19] [NEXUS] [SYSTEM] SYSTEM STARTED
[2026-09-25 18:17:19] [NEXUS] [SYSTEM] CORE INITIALIZED
[2026-09-25 18:17:19] [NEXUS] [INFO] MODULE MANAGER INITIALIZED
[2026-09-25 18:17:20] [NEXUS] [INFO] MODULE LOADED: WEB
[2026-09-25 18:17:20] [NEXUS] [INFO] MODULE LOADED: DISCORD
[2026-09-25 18:17:20] [NEXUS] [INFO] MODULE LOADED: DRONE
[2026-09-25 18:17:20] [NEXUS] [INFO] MODULE LOADED: HARDWARE
[2026-09-25 18:17:20] [NEXUS] [INFO] WEB SERVER STARTING
[2026-09-25 18:17:20] [NEXUS] [INFO] WEB SERVER STARTED
[2026-09-25 18:17:20] [NEXUS] [INFO] WEB DASHBOARD: http://127.0.0.1:5000
[2026-09-25 18:17:20] [NEXUS] [INFO] MODULE ONLINE: WEB
[2026-09-25 18:17:20] [NEXUS] [INFO] DISCORD MODULE STARTING
[2026-09-25 18:17:20] [NEXUS] [INFO] MODULE ONLINE: DISCORD
[2026-09-25 18:17:20] [NEXUS] [INFO] DRONE MODULE STARTED
[2026-09-25 18:17:20] [NEXUS] [INFO] MODULE ONLINE: DRONE
[2026-09-25 18:17:20] [NEXUS] [INFO] HARDWARE MODULE STARTED
[2026-09-25 18:17:20] [NEXUS] [INFO] MODULE ONLINE: HARDWARE
[2026-09-25 18:17:24] [NEXUS] [INFO] DISCORD CONNECTED: 모듈이#3630
[2026-09-25 18:29:49] [NEXUS] [INFO] NEXUS SHUTDOWN SEQUENCE
[2026-09-25 18:29:49] [NEXUS] [SYSTEM] WEB MODULE STOP REQUESTED
[2026-09-25 18:29:49] [NEXUS] [INFO] MODULE OFFLINE: WEB
[2026-09-25 18:29:49] [NEXUS] [ERROR] DISCORD SHUTDOWN FAILED: 
[2026-09-25 18:29:49] [NEXUS] [INFO] DISCORD MODULE STOPPED
[2026-09-25 18:29:49] [NEXUS] [INFO] MODULE OFFLINE: DISCORD
[2026-09-25 18:29:49] [NEXUS] [INFO] DRONE MODULE STOPPED
[2026-09-25 18:29:49] [NEXUS] [INFO] MODULE OFFLINE: DRONE
[2026-09-25 18:29:49] [NEXUS] [INFO] HARDWARE MODULE STOPPED
[2026-09-25 18:29:49] [NEXUS] [INFO] MODULE OFFLINE: HARDWARE
[2026-09-25 18:29:49] [NEXUS] [SYSTEM] SYSTEM SHUTDOWN
[2026-09-25 19:03:11] [NEXUS] [SYSTEM] SYSTEM STARTED
[2026-09-25 19:03:11] [NEXUS] [SYSTEM] CORE INITIALIZED
[2026-09-25 19:03:11] [NEXUS] [INFO] MODULE MANAGER INITIALIZED
[2026-09-25 19:03:11] [NEXUS] [INFO] MODULE LOADED: WEB
[2026-09-25 19:03:11] [NEXUS] [INFO] MODULE LOADED: DISCORD
[2026-09-25 19:03:11] [NEXUS] [INFO] MODULE LOADED: DRONE
[2026-09-25 19:03:11] [NEXUS] [INFO] MODULE LOADED: HARDWARE
[2026-09-25 19:03:11] [NEXUS] [INFO] WEB SERVER STARTING
[2026-09-25 19:03:11] [NEXUS] [INFO] WEB SERVER STARTED
[2026-09-25 19:03:11] [NEXUS] [INFO] WEB DASHBOARD: http://127.0.0.1:5000
[2026-09-25 19:03:11] [NEXUS] [INFO] MODULE ONLINE: WEB
[2026-09-25 19:03:11] [NEXUS] [INFO] DISCORD MODULE STARTING
[2026-09-25 19:03:11] [NEXUS] [INFO] MODULE ONLINE: DISCORD
[2026-09-25 19:03:11] [NEXUS] [INFO] DRONE MODULE STARTED
[2026-09-25 19:03:11] [NEXUS] [INFO] MODULE ONLINE: DRONE
[2026-09-25 19:03:11] [NEXUS] [INFO] HARDWARE MODULE STARTED
[2026-09-25 19:03:11] [NEXUS] [INFO] MODULE ONLINE: HARDWARE
[2026-09-25 19:03:16] [NEXUS] [INFO] DISCORD CONNECTED: 모듈이#3630
